Timestamp,Class,Confidence,X1,Y1,X2,Y2
2026-10-04 23:51:46,person,0.85,100,140,635,479
2026-10-04 23:51:48,person,0.83,113,146,612,479
2026-10-04 23:51:50,person,0.91,31,0,639,479
2026-10-04 23:51:52,person,0.88,63,64,638,479
2026-10-04 23:51:54,person,0.88,49,62,638,479
2026-10-04 23:51:56,person,0.92,58,61,638,479
2026-10-04 23:51:58,person,0.89,64,64,639,479
2026-10-04 23:52:00,person,0.90,65,65,638,479
2026-10-04 23:52:02,person,0.89,64,63,639,479
2026-10-04 23:52:04,person,0.88,63,62,639,479
2026-10-04 23:52:06,person,0.88,58,62,638,479
2026-10-04 23:52:08,person,0.88,63,63,639,479
2026-10-04 23:52:10,person,0.90,68,66,638,479
2026-10-04 23:52:12,person,0.89,64,72,638,479
2026-10-04 23:52:15,person,0.90,68,68,639,479
2026-10-04 23:52:17,person,0.91,63,66,639,479
2026-10-04 23:52:19,person,0.89,55,63,640,479
2026-10-04 23:52:21,person,0.90,63,66,639,479
2026-10-04 23:52:23,person,0.89,54,67,640,479
2026-10-04 23:52:25,person,0.87,65,66,638,479
2026-10-04 23:52:27,person,0.88,67,65,638,479
